// Jest Snapshot v1, https://goo.gl/fbAQLP

exports[`Pruebas en <GifProApp/> debe coincidir con el snapshot 1`] = `
<div>
  <h1>
    GifProApp
  </h1>
  <form
    aria-label="form"
  >
    <input
      placeholder="Buscar Gifs"
      type="text"
      value=""
    />
    <button>
      Buscar
    </button>
  </form>
  <h3>
    Goku
  </h3>
  <h2>
    Cargando tus Gifs...
  </h2>
  <div
    class="card-grid"
  />
</div>
`;
