// Jest Snapshot v1, https://goo.gl/fbAQLP

exports[`Pruebas en <GifCard/> debe coincidir con el snapshot 1`] = `
<div>
  <div
    class="card"
  >
    <img
      alt="Test Prueba"
      src="https://www.test.test/"
    />
    <p>
      Test Prueba
    </p>
  </div>
</div>
`;
